Archive member included to satisfy reference by file (symbol)

c:/st/stm32cubeide_1.7.0/stm32cubeide/plugins/com.st.stm32cube.ide.mcu.externaltools.gnu-tools-for-stm32.9-2020-q2-update.win32_2.0.0.202105311346/tools/bin/../lib/gcc/arm-none-eabi/9.3.1/../../../../arm-none-eabi/lib/thumb/v7-m/nofp\libc_nano.a(lib_a-errno.o)
                              ./Core/Src/syscalls.o (__errno)
c:/st/stm32cubeide_1.7.0/stm32cubeide/plugins/com.st.stm32cube.ide.mcu.externaltools.gnu-tools-for-stm32.9-2020-q2-update.win32_2.0.0.202105311346/tools/bin/../lib/gcc/arm-none-eabi/9.3.1/../../../../arm-none-eabi/lib/thumb/v7-m/nofp\libc_nano.a(lib_a-exit.o)
                              c:/st/stm32cubeide_1.7.0/stm32cubeide/plugins/com.st.stm32cube.ide.mcu.externaltools.gnu-tools-for-stm32.9-2020-q2-update.win32_2.0.0.202105311346/tools/bin/../lib/gcc/arm-none-eabi/9.3.1/../../../../arm-none-eabi/lib/thumb/v7-m/nofp/crt0.o (exit)
c:/st/stm32cubeide_1.7.0/stm32cubeide/plugins/com.st.stm32cube.ide.mcu.externaltools.gnu-tools-for-stm32.9-2020-q2-update.win32_2.0.0.202105311346/tools/bin/../lib/gcc/arm-none-eabi/9.3.1/../../../../arm-none-eabi/lib/thumb/v7-m/nofp\libc_nano.a(lib_a-impure.o)
                              c:/st/stm32cubeide_1.7.0/stm32cubeide/plugins/com.st.stm32cube.ide.mcu.externaltools.gnu-tools-for-stm32.9-2020-q2-update.win32_2.0.0.202105311346/tools/bin/../lib/gcc/arm-none-eabi/9.3.1/../../../../arm-none-eabi/lib/thumb/v7-m/nofp\libc_nano.a(lib_a-exit.o) (_global_impure_ptr)
c:/st/stm32cubeide_1.7.0/stm32cubeide/plugins/com.st.stm32cube.ide.mcu.externaltools.gnu-tools-for-stm32.9-2020-q2-update.win32_2.0.0.202105311346/tools/bin/../lib/gcc/arm-none-eabi/9.3.1/../../../../arm-none-eabi/lib/thumb/v7-m/nofp\libc_nano.a(lib_a-init.o)
                              c:/st/stm32cubeide_1.7.0/stm32cubeide/plugins/com.st.stm32cube.ide.mcu.externaltools.gnu-tools-for-stm32.9-2020-q2-update.win32_2.0.0.202105311346/tools/bin/../lib/gcc/arm-none-eabi/9.3.1/../../../../arm-none-eabi/lib/thumb/v7-m/nofp/crt0.o (__libc_init_array)
c:/st/stm32cubeide_1.7.0/stm32cubeide/plugins/com.st.stm32cube.ide.mcu.externaltools.gnu-tools-for-stm32.9-2020-q2-update.win32_2.0.0.202105311346/tools/bin/../lib/gcc/arm-none-eabi/9.3.1/../../../../arm-none-eabi/lib/thumb/v7-m/nofp\libc_nano.a(lib_a-memset.o)
                              c:/st/stm32cubeide_1.7.0/stm32cubeide/plugins/com.st.stm32cube.ide.mcu.externaltools.gnu-tools-for-stm32.9-2020-q2-update.win32_2.0.0.202105311346/tools/bin/../lib/gcc/arm-none-eabi/9.3.1/../../../../arm-none-eabi/lib/thumb/v7-m/nofp/crt0.o (memset)

Allocating common symbols
Common symbol       size              file

count_7seg1         0x4               ./Core/Src/led_display.o
uwTick              0x4               ./Drivers/STM32F1xx_HAL_Driver/Src/stm32f1xx_hal.o
pFlash              0x20              ./Drivers/STM32F1xx_HAL_Driver/Src/stm32f1xx_hal_flash.o
count_7seg2         0x4               ./Core/Src/led_display.o
htim2               0x48              ./Core/Src/main.o

Discarded input sections

 .text          0x0000000000000000        0x0 c:/st/stm32cubeide_1.7.0/stm32cubeide/plugins/com.st.stm32cube.ide.mcu.externaltools.gnu-tools-for-stm32.9-2020-q2-update.win32_2.0.0.202105311346/tools/bin/../lib/gcc/arm-none-eabi/9.3.1/thumb/v7-m/nofp/crti.o
 .data          0x0000000000000000        0x0 c:/st/stm32cubeide_1.7.0/stm32cubeide/plugins/com.st.stm32cube.ide.mcu.externaltools.gnu-tools-for-stm32.9-2020-q2-update.win32_2.0.0.202105311346/tools/bin/../lib/gcc/arm-none-eabi/9.3.1/thumb/v7-m/nofp/crti.o
 .bss           0x0000000000000000        0x0 c:/st/stm32cubeide_1.7.0/stm32cubeide/plugins/com.st.stm32cube.ide.mcu.externaltools.gnu-tools-for-stm32.9-2020-q2-update.win32_2.0.0.202105311346/tools/bin/../lib/gcc/arm-none-eabi/9.3.1/thumb/v7-m/nofp/crti.o
 .data          0x0000000000000000        0x4 c:/st/stm32cubeide_1.7.0/stm32cubeide/plugins/com.st.stm32cube.ide.mcu.externaltools.gnu-tools-for-stm32.9-2020-q2-update.win32_2.0.0.202105311346/tools/bin/../lib/gcc/arm-none-eabi/9.3.1/thumb/v7-m/nofp/crtbegin.o
 .text          0x0000000000000000       0x7c c:/st/stm32cubeide_1.7.0/stm32cubeide/plugins/com.st.stm32cube.ide.mcu.externaltools.gnu-tools-for-stm32.9-2020-q2-update.win32_2.0.0.202105311346/tools/bin/../lib/gcc/arm-none-eabi/9.3.1/../../../../arm-none-eabi/lib/thumb/v7-m/nofp/crt0.o
 .data          0x0000000000000000        0x0 c:/st/stm32cubeide_1.7.0/stm32cubeide/plugins/com.st.stm32cube.ide.mcu.externaltools.gnu-tools-for-stm32.9-2020-q2-update.win32_2.0.0.202105311346/tools/bin/../lib/gcc/arm-none-eabi/9.3.1/../../../../arm-none-eabi/lib/thumb/v7-m/nofp/crt0.o
 .bss           0x0000000000000000        0x0 c:/st/stm32cubeide_1.7.0/stm32cubeide/plugins/com.st.stm32cube.ide.mcu.externaltools.gnu-tools-for-stm32.9-2020-q2-update.win32_2.0.0.202105311346/tools/bin/../lib/gcc/arm-none-eabi/9.3.1/../../../../arm-none-eabi/lib/thumb/v7-m/nofp/crt0.o
[...]
Memory Configuration

Name             Origin             Length             Attributes
RAM              0x0000000020000000 0x0000000000002800 xrw
FLASH            0x0000000008000000 0x0000000000008000 xr
*default*        0x0000000000000000 0xffffffffffffffff

Linker script and memory map

LOAD c:/st/stm32cubeide_1.7.0/stm32cubeide/plugins/com.st.stm32cube.ide.mcu.externaltools.gnu-tools-for-stm32.9-2020-q2-update.win32_2.0.0.202105311346/tools/bin/../lib/gcc/arm-none-eabi/9.3.1/thumb/v7-m/nofp/crti.o
LOAD c:/st/stm32cubeide_1.7.0/stm32cubeide/plugins/com.st.stm32cube.ide.mcu.externaltools.gnu-tools-for-stm32.9-2020-q2-update.win32_2.0.0.202105311346/tools/bin/../lib/gcc/arm-none-eabi/9.3.1/thumb/v7-m/nofp/crtbegin.o
LOAD c:/st/stm32cubeide_1.7.0/stm32cubeide/plugins/com.st.stm32cube.ide.mcu.externaltools.gnu-tools-for-stm32.9-2020-q2-update.win32_2.0.0.202105311346/tools/bin/../lib/gcc/arm-none-eabi/9.3.1/../../../../arm-none-eabi/lib/thumb/v7-m/nofp/crt0.o
LOAD ./Core/Src/global.o
LOAD ./Core/Src/input_processing.o
LOAD ./Core/Src/input_reading.o
LOAD ./Core/Src/led_display.o
LOAD ./Core/Src/main.o
LOAD ./Core/Src/stm32f1xx_hal_msp.o
LOAD ./Core/Src/stm32f1xx_it.o
LOAD ./Core/Src/syscalls.o
LOAD ./Core/Src/sysmem.o
LOAD ./Core/Src/system_stm32f1xx.o
LOAD ./Core/Src/timer.o
LOAD ./Core/Src/trafficLight.o
LOAD ./Core/Startup/startup_stm32f103c6tx.o
LOAD ./Drivers/STM32F1xx_HAL_Driver/Src/stm32f1xx_hal.o
LOAD ./Drivers/STM32F1xx_HAL_Driver/Src/stm32f1xx_hal_cortex.o
LOAD ./Drivers/STM32F1xx_HAL_Driver/Src/stm32f1xx_hal_dma.o
LOAD ./Drivers/STM32F1xx_HAL_Driver/Src/stm32f1xx_hal_exti.o
LOAD ./Drivers/STM32F1xx_HAL_Driver/Src/stm32f1xx_hal_flash.o
LOAD ./Drivers/STM32F1xx_HAL_Driver/Src/stm32f1xx_hal_flash_ex.o
LOAD ./Drivers/STM32F1xx_HAL_Driver/Src/stm32f1xx_hal_gpio.o
LOAD ./Drivers/STM32F1xx_HAL_Driver/Src/stm32f1xx_hal_gpio_ex.o
LOAD ./Drivers/STM32F1xx_HAL_Driver/Src/stm32f1xx_hal_pwr.o
LOAD ./Drivers/STM32F1xx_HAL_Driver/Src/stm32f1xx_hal_rcc.o
LOAD ./Drivers/STM32F1xx_HAL_Driver/Src/stm32f1xx_hal_rcc_ex.o
LOAD ./Drivers/STM32F1xx_HAL_Driver/Src/stm32f1xx_hal_tim.o
LOAD ./Drivers/STM32F1xx_HAL_Driver/Src/stm32f1xx_hal_tim_ex.o
START GROUP
LOAD c:/st/stm32cubeide_1.7.0/stm32cubeide/plugins/com.st.stm32cube.ide.mcu.externaltools.gnu-tools-for-stm32.9-2020-q2-update.win32_2.0.0.202105311346/tools/bin/../lib/gcc/arm-none-eabi/9.3.1/../../../../arm-none-eabi/lib/thumb/v7-m/nofp\libc_nano.a
LOAD c:/st/stm32cubeide_1.7.0/stm32cubeide/plugins/com.st.stm32cube.ide.mcu.externaltools.gnu-tools-for-stm32.9-2020-q2-update.win32_2.0.0.202105311346/tools/bin/../lib/gcc/arm-none-eabi/9.3.1/../../../../arm-none-eabi/lib/thumb/v7-m/nofp\libm.a
END GROUP
START GROUP
LOAD c:/st/stm32cubeide_1.7.0/stm32cubeide/plugins/com.st.stm32cube.ide.mcu.externaltools.gnu-tools-for-stm32.9-2020-q2-update.win32_2.0.0.202105311346/tools/bin/../lib/gcc/arm-none-eabi/9.3.1/thumb/v7-m/nofp\libgcc.a
LOAD c:/st/stm32cubeide_1.7.0/stm32cubeide/plugins/com.st.stm32cube.ide.mcu.externaltools.gnu-tools-for-stm32.9-2020-q2-update.win32_2.0.0.202105311346/tools/bin/../lib/gcc/arm-none-eabi/9.3.1/../../../../arm-none-eabi/lib/thumb/v7-m/nofp\libc_nano.a
END GROUP
START GROUP
LOAD c:/st/stm32cubeide_1.7.0/stm32cubeide/plugins/com.st.stm32cube.ide.mcu.externaltools.gnu-tools-for-stm32.9-2020-q2-update.win32_2.0.0.202105311346/tools/bin/../lib/gcc/arm-none-eabi/9.3.1/thumb/v7-m/nofp\libgcc.a
LOAD c:/st/stm32cubeide_1.7.0/stm32cubeide/plugins/com.st.stm32cube.ide.mcu.externaltools.gnu-tools-for-stm32.9-2020-q2-update.win32_2.0.0.202105311346/tools/bin/../lib/gcc/arm-none-eabi/9.3.1/../../../../arm-none-eabi/lib/thumb/v7-m/nofp\libc_nano.a
LOAD c:/st/stm32cubeide_1.7.0/stm32cubeide/plugins/com.st.stm32cube.ide.mcu.externaltools.gnu-tools-for-stm32.9-2020-q2-update.win32_2.0.0.202105311346/tools/bin/../lib/gcc/arm-none-eabi/9.3.1/../../../../arm-none-eabi/lib/thumb/v7-m/nofp\libnosys.a
END GROUP
START GROUP
LOAD c:/st/stm32cubeide_1.7.0/stm32cubeide/plugins/com.st.stm32cube.ide.mcu.externaltools.gnu-tools-for-stm32.9-2020-q2-update.win32_2.0.0.202105311346/tools/bin/../lib/gcc/arm-none-eabi/9.3.1/thumb/v7-m/nofp\libgcc.a
LOAD c:/st/stm32cubeide_1.7.0/stm32cubeide/plugins/com.st.stm32cube.ide.mcu.externaltools.gnu-tools-for-stm32.9-2020-q2-update.win32_2.0.0.202105311346/tools/bin/../lib/gcc/arm-none-eabi/9.3.1/../../../../arm-none-eabi/lib/thumb/v7-m/nofp\libc_nano.a
LOAD c:/st/stm32cubeide_1.7.0/stm32cubeide/plugins/com.st.stm32cube.ide.mcu.externaltools.gnu-tools-for-stm32.9-2020-q2-update.win32_2.0.0.202105311346/tools/bin/../lib/gcc/arm-none-eabi/9.3.1/../../../../arm-none-eabi/lib/thumb/v7-m/nofp\libnosys.a
END GROUP
LOAD c:/st/stm32cubeide_1.7.0/stm32cubeide/plugins/com.st.stm32cube.ide.mcu.externaltools.gnu-tools-for-stm32.9-2020-q2-update.win32_2.0.0.202105311346/tools/bin/../lib/gcc/arm-none-eabi/9.3.1/thumb/v7-m/nofp/crtend.o
LOAD c:/st/stm32cubeide_1.7.0/stm32cubeide/plugins/com.st.stm32cube.ide.mcu.externaltools.gnu-tools-for-stm32.9-2020-q2-update.win32_2.0.0.202105311346/tools/bin/../lib/gcc/arm-none-eabi/9.3.1/thumb/v7-m/nofp/crtn.o
                0x0000000020002800                _estack = (ORIGIN (RAM) + LENGTH (RAM))
                0x0000000000000200                _Min_Heap_Size = 0x200
                0x0000000000000400                _Min_Stack_Size = 0x400

.isr_vector     0x0000000008000000      0x10c
                0x0000000008000000                . = ALIGN (0x4)
 *(.isr_vector)
 .isr_vector    0x0000000008000000      0x10c ./Core/Startup/startup_stm32f103c6tx.o
                0x0000000008000000                g_pfnVectors
                0x000000000800010c                . = ALIGN (0x4)

.text           0x000000000800010c     0x2e08
                0x000000000800010c                . = ALIGN (0x4)
 *(.text)
 .text          0x000000000800010c       0x40 c:/st/stm32cubeide_1.7.0/stm32cubeide/plugins/com.st.stm32cube.ide.mcu.externaltools.gnu-tools-for-stm32.9-2020-q2-update.win32_2.0.0.202105311346/tools/bin/../lib/gcc/arm-none-eabi/9.3.1/thumb/v7-m/nofp/crtbegin.o
 *(.text*)
 .text.fsm_for_input_processing
                0x000000000800014c      0x334 ./Core/Src/input_processing.o
                0x000000000800014c                fsm_for_input_processing
 .text.subKeyProcess
                0x0000000008000480       0x20 ./Core/Src/input_reading.o
                0x0000000008000480                subKeyProcess
 .text.getKeyInput
                0x00000000080004a0      0x158 ./Core/Src/input_reading.o
                0x00000000080004a0                getKeyInput
 .text.clear_led
                0x00000000080005f8       0x48 ./Core/Src/led_display.o
                0x00000000080005f8                clear_led
 .text.state_7seg1
                0x0000000008000640       0x80 ./Core/Src/led_display.o
                0x0000000008000640                state_7seg1
 .text.display7SEG1
                0x00000000080006c0      0x16e ./Core/Src/led_display.o
                0x00000000080006c0                display7SEG1
 *fill*         0x000000000800082e        0x2 
 .text.state_7seg2
                0x0000000008000830       0x8c ./Core/Src/led_display.o
                0x0000000008000830                state_7seg2
 .text.display7SEG2
                0x00000000080008bc      0x15a ./Core/Src/led_display.o
                0x00000000080008bc                display7SEG2
 *fill*         0x0000000008000a16        0x2 
 .text.display_two_7SEG
                0x0000000008000a18      0x280 ./Core/Src/led_display.o
                0x0000000008000a18                display_two_7SEG
 .text.blink_led_red
                0x0000000008000c98       0xac ./Core/Src/led_display.o
                0x0000000008000c98                blink_led_red
 .text.blink_led_amber
                0x0000000008000d44       0xac ./Core/Src/led_display.o
                0x0000000008000d44                blink_led_amber
 .text.blink_led_green
                0x0000000008000df0       0xac ./Core/Src/led_display.o
                0x0000000008000df0                blink_led_green
 .text.update_two_7SEG
                0x0000000008000e9c      0x198 ./Core/Src/led_display.o
                0x0000000008000e9c                update_two_7SEG
 .text.main     0x0000000008001034       0x24 ./Core/Src/main.o
                0x0000000008001034                main
 .text.SystemClock_Config
                0x0000000008001058       0x76 ./Core/Src/main.o
                0x0000000008001058                SystemClock_Config
 *fill*         0x00000000080010ce        0x2 
 .text.MX_TIM2_Init
                0x00000000080010d0       0x98 ./Core/Src/main.o
 .text.MX_GPIO_Init
                0x0000000008001168       0xc8 ./Core/Src/main.o
 .text.HAL_TIM_PeriodElapsedCallback
                0x0000000008001230       0x18 ./Core/Src/main.o
                0x0000000008001230                HAL_TIM_PeriodElapsedCallback
 .text.Error_Handler
                0x0000000008001248        0xa ./Core/Src/main.o
                0x0000000008001248                Error_Handler
 *fill*         0x0000000008001252        0x2 
 .text.HAL_MspInit
                0x0000000008001254       0x64 ./Core/Src/stm32f1xx_hal_msp.o
                0x0000000008001254                HAL_MspInit
 .text.HAL_TIM_Base_MspInit
                0x00000000080012b8       0x48 ./Core/Src/stm32f1xx_hal_msp.o
                0x00000000080012b8                HAL_TIM_Base_MspInit
 .text.NMI_Handler
                0x0000000008001300        0x6 ./Core/Src/stm32f1xx_it.o
                0x0000000008001300                NMI_Handler
 .text.HardFault_Handler
                0x0000000008001306        0x6 ./Core/Src/stm32f1xx_it.o
                0x0000000008001306                HardFault_Handler
 .text.MemManage_Handler
                0x000000000800130c        0x6 ./Core/Src/stm32f1xx_it.o
                0x000000000800130c                MemManage_Handler
 .text.BusFault_Handler
                0x0000000008001312        0x6 ./Core/Src/stm32f1xx_it.o
                0x0000000008001312                BusFault_Handler
 .text.UsageFault_Handler
                0x0000000008001318        0x6 ./Core/Src/stm32f1xx_it.o
                0x0000000008001318                UsageFault_Handler
 .text.SVC_Handler
                0x000000000800131e        0xc ./Core/Src/stm32f1xx_it.o
                0x000000000800131e                SVC_Handler
 .text.DebugMon_Handler
                0x000000000800132a        0xc ./Core/Src/stm32f1xx_it.o
                0x000000000800132a                DebugMon_Handler
 .text.PendSV_Handler
                0x0000000008001336        0xc ./Core/Src/stm32f1xx_it.o
                0x0000000008001336                PendSV_Handler
 .text.SysTick_Handler
                0x0000000008001342        0xc ./Core/Src/stm32f1xx_it.o
                0x0000000008001342                SysTick_Handler
 *fill*         0x000000000800134e        0x2 
 .text.TIM2_IRQHandler
                0x0000000008001350       0x14 ./Core/Src/stm32f1xx_it.o
                0x0000000008001350                TIM2_IRQHandler
 .text.SystemInit
                0x0000000008001364        0xc ./Core/Src/system_stm32f1xx.o
                0x0000000008001364                SystemInit
 .text.setTimer0
                0x0000000008001370       0x2c ./Core/Src/timer.o
                0x0000000008001370                setTimer0
 .text.setTimer1
                0x000000000800139c       0x2c ./Core/Src/timer.o
                0x000000000800139c                setTimer1
 .text.setTimer2
                0x00000000080013c8       0x2c ./Core/Src/timer.o
                0x00000000080013c8                setTimer2
 .text.setTimer4
                0x00000000080013f4       0x2c ./Core/Src/timer.o
                0x00000000080013f4                setTimer4
 .text.setTimer5
                0x0000000008001420       0x2c ./Core/Src/timer.o
                0x0000000008001420                setTimer5
 .text.setTimer6
                0x000000000800144c       0x2c ./Core/Src/timer.o
                0x000000000800144c                setTimer6
 .text.timer_run
                0x0000000008001478      0x124 ./Core/Src/timer.o
                0x0000000008001478                timer_run
 .text.red1Control
                0x000000000800159c       0x2c ./Core/Src/trafficLight.o
                0x000000000800159c                red1Control
 .text.red2Control
                0x00000000080015c8       0x2c ./Core/Src/trafficLight.o
                0x00000000080015c8                red2Control
 .text.amber1Control
                0x00000000080015f4       0x2c ./Core/Src/trafficLight.o
                0x00000000080015f4                amber1Control
 .text.amber2Control
                0x0000000008001620       0x2c ./Core/Src/trafficLight.o
                0x0000000008001620                amber2Control
 .text.green1Control
                0x000000000800164c       0x2c ./Core/Src/trafficLight.o
                0x000000000800164c                green1Control
 .text.green2Control
                0x0000000008001678       0x2c ./Core/Src/trafficLight.o
                0x0000000008001678                green2Control
 .text.fsm_automatic_1
                0x00000000080016a4       0xdc ./Core/Src/trafficLight.o
                0x00000000080016a4                fsm_automatic_1
 .text.fsm_automatic_2
                0x0000000008001780       0xdc ./Core/Src/trafficLight.o
                0x0000000008001780                fsm_automatic_2
 .text.Reset_Handler
                0x000000000800185c       0x48 ./Core/Startup/startup_stm32f103c6tx.o
                0x000000000800185c                Reset_Handler
 .text.Default_Handler
                0x00000000080018a4        0x2 ./Core/Startup/startup_stm32f103c6tx.o
                0x00000000080018a4                RTC_Alarm_IRQHandler
                0x00000000080018a4                EXTI2_IRQHandler
                0x00000000080018a4                TIM1_CC_IRQHandler
                0x00000000080018a4                PVD_IRQHandler
                0x00000000080018a4                EXTI3_IRQHandler
                0x00000000080018a4                EXTI0_IRQHandler
                0x00000000080018a4                ADC1_2_IRQHandler
                0x00000000080018a4                SPI1_IRQHandler
                0x00000000080018a4                TAMPER_IRQHandler
                0x00000000080018a4                DMA1_Channel4_IRQHandler
                0x00000000080018a4                RTC_IRQHandler
                0x00000000080018a4                DMA1_Channel7_IRQHandler
                0x00000000080018a4                CAN1_RX1_IRQHandler
                0x00000000080018a4                I2C1_EV_IRQHandler
                0x00000000080018a4                DMA1_Channel6_IRQHandler
                0x00000000080018a4                TIM3_IRQHandler
                0x00000000080018a4                RCC_IRQHandler
                0x00000000080018a4                TIM1_TRG_COM_IRQHandler
                0x00000000080018a4                DMA1_Channel1_IRQHandler
                0x00000000080018a4                Default_Handler
                0x00000000080018a4                EXTI15_10_IRQHandler
                0x00000000080018a4                EXTI9_5_IRQHandler
                0x00000000080018a4                DMA1_Channel5_IRQHandler
                0x00000000080018a4                EXTI4_IRQHandler
                0x00000000080018a4                USB_LP_CAN1_RX0_IRQHandler
                0x00000000080018a4                USB_HP_CAN1_TX_IRQHandler
                0x00000000080018a4                DMA1_Channel3_IRQHandler
                0x00000000080018a4                TIM1_UP_IRQHandler
                0x00000000080018a4                WWDG_IRQHandler
                0x00000000080018a4                TIM1_BRK_IRQHandler
                0x00000000080018a4                EXTI1_IRQHandler
                0x00000000080018a4                USART2_IRQHandler
                0x00000000080018a4                DMA1_Channel2_IRQHandler
                0x00000000080018a4                CAN1_SCE_IRQHandler
                0x00000000080018a4                FLASH_IRQHandler
                0x00000000080018a4                USART1_IRQHandler
                0x00000000080018a4                I2C1_ER_IRQHandler
                0x00000000080018a4                USBWakeUp_IRQHandler
 *fill*         0x00000000080018a6        0x2 
 .text.HAL_Init
                0x00000000080018a8       0x2c ./Drivers/STM32F1xx_HAL_Driver/Src/stm32f1xx_hal.o
                0x00000000080018a8                HAL_Init
 .text.HAL_InitTick
                0x00000000080018d4       0x60 ./Drivers/STM32F1xx_HAL_Driver/Src/stm32f1xx_hal.o
                0x00000000080018d4                HAL_InitTick
 .text.HAL_IncTick
                0x0000000008001934       0x24 ./Drivers/STM32F1xx_HAL_Driver/Src/stm32f1xx_hal.o
                0x0000000008001934                HAL_IncTick
 .text.HAL_GetTick
                0x0000000008001958       0x14 ./Drivers/STM32F1xx_HAL_Driver/Src/stm32f1xx_hal.o
                0x0000000008001958                HAL_GetTick
 .text.__NVIC_SetPriorityGrouping
                0x000000000800196c       0x48 ./Drivers/STM32F1xx_HAL_Driver/Src/stm32f1xx_hal_cortex.o
 .text.__NVIC_GetPriorityGrouping
                0x00000000080019b4       0x1c ./Drivers/STM32F1xx_HAL_Driver/Src/stm32f1xx_hal_cortex.o
 .text.__NVIC_EnableIRQ
                0x00000000080019d0       0x38 ./Drivers/STM32F1xx_HAL_Driver/Src/stm32f1xx_hal_cortex.o
 .text.__NVIC_SetPriority
                0x0000000008001a08       0x54 ./Drivers/STM32F1xx_HAL_Driver/Src/stm32f1xx_hal_cortex.o
 .text.NVIC_EncodePriority
                0x0000000008001a5c       0x64 ./Drivers/STM32F1xx_HAL_Driver/Src/stm32f1xx_hal_cortex.o
 .text.SysTick_Config
                0x0000000008001ac0       0x44 ./Drivers/STM32F1xx_HAL_Driver/Src/stm32f1xx_hal_cortex.o
 .text.HAL_NVIC_SetPriorityGrouping
                0x0000000008001b04       0x16 ./Drivers/STM32F1xx_HAL_Driver/Src/stm32f1xx_hal_cortex.o
                0x0000000008001b04                HAL_NVIC_SetPriorityGrouping
 .text.HAL_NVIC_SetPriority
                0x0000000008001b1a       0x38 ./Drivers/STM32F1xx_HAL_Driver/Src/stm32f1xx_hal_cortex.o
                0x0000000008001b1a                HAL_NVIC_SetPriority
 .text.HAL_NVIC_EnableIRQ
                0x0000000008001b52       0x1c ./Drivers/STM32F1xx_HAL_Driver/Src/stm32f1xx_hal_cortex.o
                0x0000000008001b52                HAL_NVIC_EnableIRQ
 .text.HAL_SYSTICK_Config
                0x0000000008001b6e       0x18 ./Drivers/STM32F1xx_HAL_Driver/Src/stm32f1xx_hal_cortex.o
                0x0000000008001b6e                HAL_SYSTICK_Config
 *fill*         0x0000000008001b86        0x2 
 .text.HAL_GPIO_Init
                0x0000000008001b88      0x2f4 ./Drivers/STM32F1xx_HAL_Driver/Src/stm32f1xx_hal_gpio.o
                0x0000000008001b88                HAL_GPIO_Init
 .text.HAL_GPIO_ReadPin
                0x0000000008001e7c       0x2e ./Drivers/STM32F1xx_HAL_Driver/Src/stm32f1xx_hal_gpio.o
                0x0000000008001e7c                HAL_GPIO_ReadPin
 .text.HAL_GPIO_WritePin
                0x0000000008001eaa       0x30 ./Drivers/STM32F1xx_HAL_Driver/Src/stm32f1xx_hal_gpio.o
                0x0000000008001eaa                HAL_GPIO_WritePin
 .text.HAL_GPIO_TogglePin
                0x0000000008001eda       0x32 ./Drivers/STM32F1xx_HAL_Driver/Src/stm32f1xx_hal_gpio.o
                0x0000000008001eda                HAL_GPIO_TogglePin
 .text.HAL_RCC_OscConfig
                0x0000000008001f0c      0x500 ./Drivers/STM32F1xx_HAL_Driver/Src/stm32f1xx_hal_rcc.o
                0x0000000008001f0c                HAL_RCC_OscConfig
 .text.HAL_RCC_ClockConfig
                0x000000000800240c      0x1d4 ./Drivers/STM32F1xx_HAL_Driver/Src/stm32f1xx_hal_rcc.o
                0x000000000800240c                HAL_RCC_ClockConfig
 .text.HAL_RCC_GetSysClockFreq
                0x00000000080025e0       0xc0 ./Drivers/STM32F1xx_HAL_Driver/Src/stm32f1xx_hal_rcc.o
                0x00000000080025e0                HAL_RCC_GetSysClockFreq
 .text.RCC_Delay
                0x00000000080026a0       0x3c ./Drivers/STM32F1xx_HAL_Driver/Src/stm32f1xx_hal_rcc.o
 .text.HAL_TIM_Base_Init
                0x00000000080026dc       0x9e ./Drivers/STM32F1xx_HAL_Driver/Src/stm32f1xx_hal_tim.o
                0x00000000080026dc                HAL_TIM_Base_Init
 *fill*         0x000000000800277a        0x2 
 .text.HAL_TIM_Base_Start_IT
                0x000000000800277c       0x98 ./Drivers/STM32F1xx_HAL_Driver/Src/stm32f1xx_hal_tim.o
                0x000000000800277c                HAL_TIM_Base_Start_IT
 .text.HAL_TIM_IRQHandler
                0x0000000008002814      0x210 ./Drivers/STM32F1xx_HAL_Driver/Src/stm32f1xx_hal_tim.o
                0x0000000008002814                HAL_TIM_IRQHandler
 .text.HAL_TIM_ConfigClockSource
                0x0000000008002a24      0x188 ./Drivers/STM32F1xx_HAL_Driver/Src/stm32f1xx_hal_tim.o
                0x0000000008002a24                HAL_TIM_ConfigClockSource
 .text.HAL_TIM_OC_DelayElapsedCallback
                0x0000000008002bac       0x12 ./Drivers/STM32F1xx_HAL_Driver/Src/stm32f1xx_hal_tim.o
                0x0000000008002bac                HAL_TIM_OC_DelayElapsedCallback
 .text.HAL_TIM_IC_CaptureCallback
                0x0000000008002bbe       0x12 ./Drivers/STM32F1xx_HAL_Driver/Src/stm32f1xx_hal_tim.o
                0x0000000008002bbe                HAL_TIM_IC_CaptureCallback
 .text.HAL_TIM_PWM_PulseFinishedCallback
                0x0000000008002bd0       0x12 ./Drivers/STM32F1xx_HAL_Driver/Src/stm32f1xx_hal_tim.o
                0x0000000008002bd0                HAL_TIM_PWM_PulseFinishedCallback
 .text.HAL_TIM_TriggerCallback
                0x0000000008002be2       0x12 ./Drivers/STM32F1xx_HAL_Driver/Src/stm32f1xx_hal_tim.o
                0x0000000008002be2                HAL_TIM_TriggerCallback
 .text.TIM_Base_SetConfig
                0x0000000008002bf4       0xb0 ./Drivers/STM32F1xx_HAL_Driver/Src/stm32f1xx_hal_tim.o
                0x0000000008002bf4                TIM_Base_SetConfig
 .text.TIM_TI1_ConfigInputStage
                0x0000000008002ca4       0x5c ./Drivers/STM32F1xx_HAL_Driver/Src/stm32f1xx_hal_tim.o
 .text.TIM_TI2_ConfigInputStage
                0x0000000008002d00       0x5e ./Drivers/STM32F1xx_HAL_Driver/Src/stm32f1xx_hal_tim.o
 .text.TIM_ITRx_SetConfig
                0x0000000008002d5e       0x34 ./Drivers/STM32F1xx_HAL_Driver/Src/stm32f1xx_hal_tim.o
 .text.TIM_ETR_SetConfig
                0x0000000008002d92       0x3e ./Drivers/STM32F1xx_HAL_Driver/Src/stm32f1xx_hal_tim.o
                0x0000000008002d92                TIM_ETR_SetConfig
 .text.HAL_TIMEx_MasterConfigSynchronization
                0x0000000008002dd0       0xb0 ./Drivers/STM32F1xx_HAL_Driver/Src/stm32f1xx_hal_tim_ex.o
                0x0000000008002dd0                HAL_TIMEx_MasterConfigSynchronization
 .text.HAL_TIMEx_CommutCallback
                0x0000000008002e80       0x12 ./Drivers/STM32F1xx_HAL_Driver/Src/stm32f1xx_hal_tim_ex.o
                0x0000000008002e80                HAL_TIMEx_CommutCallback
 .text.HAL_TIMEx_BreakCallback
                0x0000000008002e92       0x12 ./Drivers/STM32F1xx_HAL_Driver/Src/stm32f1xx_hal_tim_ex.o
                0x0000000008002e92                HAL_TIMEx_BreakCallback
 .text.__libc_init_array
                0x0000000008002ea4       0x48 c:/st/stm32cubeide_1.7.0/stm32cubeide/plugins/com.st.stm32cube.ide.mcu.externaltools.gnu-tools-for-stm32.9-2020-q2-update.win32_2.0.0.202105311346/tools/bin/../lib/gcc/arm-none-eabi/9.3.1/../../../../arm-none-eabi/lib/thumb/v7-m/nofp\libc_nano.a(lib_a-init.o)
                0x0000000008002ea4                __libc_init_array
 .text.memset   0x0000000008002eec       0x10 c:/st/stm32cubeide_1.7.0/stm32cubeide/plugins/com.st.stm32cube.ide.mcu.externaltools.gnu-tools-for-stm32.9-2020-q2-update.win32_2.0.0.202105311346/tools/bin/../lib/gcc/arm-none-eabi/9.3.1/../../../../arm-none-eabi/lib/thumb/v7-m/nofp\libc_nano.a(lib_a-memset.o)
                0x0000000008002eec                memset
 *(.glue_7)
 .glue_7        0x0000000008002efc        0x0 linker stubs
 *(.glue_7t)
 .glue_7t       0x0000000008002efc        0x0 linker stubs
 *(.eh_frame)
 .eh_frame      0x0000000008002efc        0x0 c:/st/stm32cubeide_1.7.0/stm32cubeide/plugins/com.st.stm32cube.ide.mcu.externaltools.gnu-tools-for-stm32.9-2020-q2-update.win32_2.0.0.202105311346/tools/bin/../lib/gcc/arm-none-eabi/9.3.1/thumb/v7-m/nofp/crtbegin.o
 *(.init)
 .init          0x0000000008002efc        0x4 c:/st/stm32cubeide_1.7.0/stm32cubeide/plugins/com.st.stm32cube.ide.mcu.externaltools.gnu-tools-for-stm32.9-2020-q2-update.win32_2.0.0.202105311346/tools/bin/../lib/gcc/arm-none-eabi/9.3.1/thumb/v7-m/nofp/crti.o
                0x0000000008002efc                _init
 .init          0x0000000008002f00        0x8 c:/st/stm32cubeide_1.7.0/stm32cubeide/plugins/com.st.stm32cube.ide.mcu.externaltools.gnu-tools-for-stm32.9-2020-q2-update.win32_2.0.0.202105311346/tools/bin/../lib/gcc/arm-none-eabi/9.3.1/thumb/v7-m/nofp/crtn.o
 *(.fini)
 .fini          0x0000000008002f08        0x4 c:/st/stm32cubeide_1.7.0/stm32cubeide/plugins/com.st.stm32cube.ide.mcu.externaltools.gnu-tools-for-stm32.9-2020-q2-update.win32_2.0.0.202105311346/tools/bin/../lib/gcc/arm-none-eabi/9.3.1/thumb/v7-m/nofp/crti.o
                0x0000000008002f08                _fini
 .fini          0x0000000008002f0c        0x8 c:/st/stm32cubeide_1.7.0/stm32cubeide/plugins/com.st.stm32cube.ide.mcu.externaltools.gnu-tools-for-stm32.9-2020-q2-update.win32_2.0.0.202105311346/tools/bin/../lib/gcc/arm-none-eabi/9.3.1/thumb/v7-m/nofp/crtn.o
                0x0000000008002f14                . = ALIGN (0x4)
                0x0000000008002f14                _etext = .

.vfp11_veneer   0x0000000008002f14        0x0
 .vfp11_veneer  0x0000000008002f14        0x0 linker stubs

.v4_bx          0x0000000008002f14        0x0
 .v4_bx         0x0000000008002f14        0x0 linker stubs

.iplt           0x0000000008002f14        0x0
 .iplt          0x0000000008002f14        0x0 c:/st/stm32cubeide_1.7.0/stm32cubeide/plugins/com.st.stm32cube.ide.mcu.externaltools.gnu-tools-for-stm32.9-2020-q2-update.win32_2.0.0.202105311346/tools/bin/../lib/gcc/arm-none-eabi/9.3.1/thumb/v7-m/nofp/crtbegin.o

.rodata         0x0000000008002f14       0x20
                0x0000000008002f14                . = ALIGN (0x4)
 *(.rodata)
 .rodata        0x0000000008002f14       0x10 ./Drivers/STM32F1xx_HAL_Driver/Src/stm32f1xx_hal_rcc.o
 *(.rodata*)
 .rodata.AHBPrescTable
                0x0000000008002f24       0x10 ./Core/Src/system_stm32f1xx.o
                0x0000000008002f24                AHBPrescTable
                0x0000000008002f34                . = ALIGN (0x4)

.rel.dyn        0x0000000008002f34        0x0
 .rel.iplt      0x0000000008002f34        0x0 c:/st/stm32cubeide_1.7.0/stm32cubeide/plugins/com.st.stm32cube.ide.mcu.externaltools.gnu-tools-for-stm32.9-2020-q2-update.win32_2.0.0.202105311346/tools/bin/../lib/gcc/arm-none-eabi/9.3.1/thumb/v7-m/nofp/crtbegin.o

.ARM.extab      0x0000000008002f34        0x0
                0x0000000008002f34                . = ALIGN (0x4)
 *(.ARM.extab* .gnu.linkonce.armextab.*)
                0x0000000008002f34                . = ALIGN (0x4)

.ARM            0x0000000008002f34        0x0
                0x0000000008002f34                . = ALIGN (0x4)
                0x0000000008002f34                __exidx_start = .
 *(.ARM.exidx*)
                0x0000000008002f34                __exidx_end = .
                0x0000000008002f34                . = ALIGN (0x4)

.preinit_array  0x0000000008002f34        0x0
                0x0000000008002f34                . = ALIGN (0x4)
                0x0000000008002f34                PROVIDE (__preinit_array_start = .)
 *(.preinit_array*)
                0x0000000008002f34                PROVIDE (__preinit_array_end = .)
                0x0000000008002f34                . = ALIGN (0x4)

.init_array     0x0000000008002f34        0x4
                0x0000000008002f34                . = ALIGN (0x4)
                0x0000000008002f34                PROVIDE (__init_array_start = .)
 *(SORT_BY_NAME(.init_array.*))
 *(.init_array*)
 .init_array    0x0000000008002f34        0x4 c:/st/stm32cubeide_1.7.0/stm32cubeide/plugins/com.st.stm32cube.ide.mcu.externaltools.gnu-tools-for-stm32.9-2020-q2-update.win32_2.0.0.202105311346/tools/bin/../lib/gcc/arm-none-eabi/9.3.1/thumb/v7-m/nofp/crtbegin.o
                0x0000000008002f38                PROVIDE (__init_array_end = .)
                0x0000000008002f38                . = ALIGN (0x4)

.fini_array     0x0000000008002f38        0x4
                0x0000000008002f38                . = ALIGN (0x4)
                [!provide]                        PROVIDE (__fini_array_start = .)
 *(SORT_BY_NAME(.fini_array.*))
 *(.fini_array*)
 .fini_array    0x0000000008002f38        0x4 c:/st/stm32cubeide_1.7.0/stm32cubeide/plugins/com.st.stm32cube.ide.mcu.externaltools.gnu-tools-for-stm32.9-2020-q2-update.win32_2.0.0.202105311346/tools/bin/../lib/gcc/arm-none-eabi/9.3.1/thumb/v7-m/nofp/crtbegin.o
                [!provide]                        PROVIDE (__fini_array_end = .)
                0x0000000008002f3c                . = ALIGN (0x4)
                0x0000000008002f3c                _sidata = LOADADDR (.data)

.data           0x0000000020000000       0x80 load address 0x0000000008002f3c
                0x0000000020000000                . = ALIGN (0x4)
                0x0000000020000000                _sdata = .
 *(.data)
 *(.data*)
 .data.status1  0x0000000020000000        0x4 ./Core/Src/global.o
                0x0000000020000000                status1
 .data.status2  0x0000000020000004        0x4 ./Core/Src/global.o
                0x0000000020000004                status2
 .data.status3  0x0000000020000008        0x4 ./Core/Src/global.o
                0x0000000020000008                status3
 .data.status4  0x000000002000000c        0x4 ./Core/Src/global.o
                0x000000002000000c                status4
 .data.status4_1
                0x0000000020000010        0x4 ./Core/Src/global.o
                0x0000000020000010                status4_1
 .data.status4_2
                0x0000000020000014        0x4 ./Core/Src/global.o
                0x0000000020000014                status4_2
 .data.status5  0x0000000020000018        0x4 ./Core/Src/global.o
                0x0000000020000018                status5
 .data.State    0x000000002000001c        0x4 ./Core/Src/global.o
                0x000000002000001c                State
 .data.time_red
                0x0000000020000020        0x4 ./Core/Src/global.o
                0x0000000020000020                time_red
 .data.time_amber
                0x0000000020000024        0x4 ./Core/Src/global.o
                0x0000000020000024                time_amber
 .data.time_green
                0x0000000020000028        0x4 ./Core/Src/global.o
                0x0000000020000028                time_green
 .data.bufferRed
                0x000000002000002c        0x4 ./Core/Src/global.o
                0x000000002000002c                bufferRed
 .data.bufferAmber
                0x0000000020000030        0x4 ./Core/Src/global.o
                0x0000000020000030                bufferAmber
 .data.bufferGreen
                0x0000000020000034        0x4 ./Core/Src/global.o
                0x0000000020000034                bufferGreen
 .data.KeyReg0  0x0000000020000038        0xc ./Core/Src/input_reading.o
                0x0000000020000038                KeyReg0
 .data.KeyReg1  0x0000000020000044        0xc ./Core/Src/input_reading.o
                0x0000000020000044                KeyReg1
 .data.KeyReg2  0x0000000020000050        0xc ./Core/Src/input_reading.o
                0x0000000020000050                KeyReg2
 .data.KeyReg3  0x000000002000005c        0xc ./Core/Src/input_reading.o
                0x000000002000005c                KeyReg3
 .data.TimeOutForKeyPress
                0x0000000020000068        0xc ./Core/Src/input_reading.o
                0x0000000020000068                TimeOutForKeyPress
 .data.SystemCoreClock
                0x0000000020000074        0x4 ./Core/Src/system_stm32f1xx.o
                0x0000000020000074                SystemCoreClock
 .data.uwTickPrio
                0x0000000020000078        0x4 ./Drivers/STM32F1xx_HAL_Driver/Src/stm32f1xx_hal.o
                0x0000000020000078                uwTickPrio
 .data.uwTickFreq
                0x000000002000007c        0x1 ./Drivers/STM32F1xx_HAL_Driver/Src/stm32f1xx_hal.o
                0x000000002000007c                uwTickFreq
 *(.RamFunc)
 *(.RamFunc*)
                0x0000000020000080                . = ALIGN (0x4)
 *fill*         0x000000002000007d        0x3 
                0x0000000020000080                _edata = .

.igot.plt       0x0000000020000080        0x0 load address 0x0000000008002fbc
 .igot.plt      0x0000000020000080        0x0 c:/st/stm32cubeide_1.7.0/stm32cubeide/plugins/com.st.stm32cube.ide.mcu.externaltools.gnu-tools-for-stm32.9-2020-q2-update.win32_2.0.0.202105311346/tools/bin/../lib/gcc/arm-none-eabi/9.3.1/thumb/v7-m/nofp/crtbegin.o
                0x0000000020000080                . = ALIGN (0x4)

.bss            0x0000000020000080       0xb4 load address 0x0000000008002fbc
                0x0000000020000080                _sbss = .
                0x0000000020000080                __bss_start__ = _sbss
 *(.bss)
 .bss           0x0000000020000080       0x1c c:/st/stm32cubeide_1.7.0/stm32cubeide/plugins/com.st.stm32cube.ide.mcu.externaltools.gnu-tools-for-stm32.9-2020-q2-update.win32_2.0.0.202105311346/tools/bin/../lib/gcc/arm-none-eabi/9.3.1/thumb/v7-m/nofp/crtbegin.o
 *(.bss*)
 .bss.button_flag
                0x000000002000009c        0xc ./Core/Src/input_reading.o
                0x000000002000009c                button_flag
 .bss.timer_flag0
                0x00000000200000a8        0x4 ./Core/Src/timer.o
                0x00000000200000a8                timer_flag0
 .bss.timer_flag1
                0x00000000200000ac        0x4 ./Core/Src/timer.o
                0x00000000200000ac                timer_flag1
 .bss.timer_flag2
                0x00000000200000b0        0x4 ./Core/Src/timer.o
                0x00000000200000b0                timer_flag2
 .bss.timer_flag3
                0x00000000200000b4        0x4 ./Core/Src/timer.o
                0x00000000200000b4                timer_flag3
 .bss.timer_flag4
                0x00000000200000b8        0x4 ./Core/Src/timer.o
                0x00000000200000b8                timer_flag4
 .bss.timer_flag5
                0x00000000200000bc        0x4 ./Core/Src/timer.o
                0x00000000200000bc                timer_flag5
 .bss.timer_flag6
                0x00000000200000c0        0x4 ./Core/Src/timer.o
                0x00000000200000c0                timer_flag6
 .bss.timer0_counter
                0x00000000200000c4        0x4 ./Core/Src/timer.o
                0x00000000200000c4                timer0_counter
 .bss.timer1_counter
                0x00000000200000c8        0x4 ./Core/Src/timer.o
                0x00000000200000c8                timer1_counter
 .bss.timer2_counter
                0x00000000200000cc        0x4 ./Core/Src/timer.o
                0x00000000200000cc                timer2_counter
 .bss.timer3_counter
                0x00000000200000d0        0x4 ./Core/Src/timer.o
                0x00000000200000d0                timer3_counter
 .bss.timer4_counter
                0x00000000200000d4        0x4 ./Core/Src/timer.o
                0x00000000200000d4                timer4_counter
 .bss.timer5_counter
                0x00000000200000d8        0x4 ./Core/Src/timer.o
                0x00000000200000d8                timer5_counter
 .bss.timer6_counter
                0x00000000200000dc        0x4 ./Core/Src/timer.o
                0x00000000200000dc                timer6_counter
 *(COMMON)
 COMMON         0x00000000200000e0        0x8 ./Core/Src/led_display.o
                0x00000000200000e0                count_7seg1
                0x00000000200000e4                count_7seg2
 COMMON         0x00000000200000e8       0x48 ./Core/Src/main.o
                0x00000000200000e8                htim2
 COMMON         0x0000000020000130        0x4 ./Drivers/STM32F1xx_HAL_Driver/Src/stm32f1xx_hal.o
                0x0000000020000130                uwTick
                0x0000000020000134                . = ALIGN (0x4)
                0x0000000020000134                _ebss = .
                0x0000000020000134                __bss_end__ = _ebss

._user_heap_stack
                0x0000000020000134      0x604 load address 0x0000000008002fbc
                0x0000000020000138                . = ALIGN (0x8)
 *fill*         0x0000000020000134        0x4 
                [!provide]                        PROVIDE (end = .)
                0x0000000020000138                PROVIDE (_end = .)
                0x0000000020000338                . = (. + _Min_Heap_Size)
 *fill*         0x0000000020000138      0x200 
                0x0000000020000738                . = (. + _Min_Stack_Size)
 *fill*         0x0000000020000338      0x400 
                0x0000000020000738                . = ALIGN (0x8)

/DISCARD/
 libc.a(*)
 libm.a(*)
 libgcc.a(*)

.ARM.attributes
                0x0000000000000000       0x29
 *(.ARM.attributes)
 .ARM.attributes
                0x0000000000000000       0x1d c:/st/stm32cubeide_1.7.0/stm32cubeide/plugins/com.st.stm32cube.ide.mcu.externaltools.gnu-tools-for-stm32.9-2020-q2-update.win32_2.0.0.202105311346/tools/bin/../lib/gcc/arm-none-eabi/9.3.1/thumb/v7-m/nofp/crti.o
 .ARM.attributes
                0x000000000000001d       0x2d c:/st/stm32cubeide_1.7.0/stm32cubeide/plugins/com.st.stm32cube.ide.mcu.externaltools.gnu-tools-for-stm32.9-2020-q2-update.win32_2.0.0.202105311346/tools/bin/../lib/gcc/arm-none-eabi/9.3.1/thumb/v7-m/nofp/crtbegin.o
 .ARM.attributes
                0x000000000000004a       0x33 ./Core/Src/global.o
 .ARM.attributes
                0x000000000000007d       0x2d ./Core/Src/input_processing.o
 .ARM.attributes
                0x00000000000000aa       0x2d ./Core/Src/input_reading.o
 .ARM.attributes
                0x00000000000000d7       0x2d ./Core/Src/led_display.o
 .ARM.attributes
                0x0000000000000104       0x2d ./Core/Src/main.o
 .ARM.attributes
                0x0000000000000131       0x2d ./Core/Src/stm32f1xx_hal_msp.o
 .ARM.attributes
                0x000000000000015e       0x2d ./Core/Src/stm32f1xx_it.o
 .ARM.attributes
                0x000000000000018b       0x2d ./Core/Src/system_stm32f1xx.o
 .ARM.attributes
                0x00000000000001b8       0x2d ./Core/Src/timer.o
 .ARM.attributes
                0x00000000000001e5       0x2d ./Core/Src/trafficLight.o
 .ARM.attributes
                0x0000000000000212       0x21 ./Core/Startup/startup_stm32f103c6tx.o
 .ARM.attributes
                0x0000000000000233       0x2d ./Drivers/STM32F1xx_HAL_Driver/Src/stm32f1xx_hal.o
 .ARM.attributes
                0x0000000000000260       0x2d ./Drivers/STM32F1xx_HAL_Driver/Src/stm32f1xx_hal_cortex.o
 .ARM.attributes
                0x000000000000028d       0x2d ./Drivers/STM32F1xx_HAL_Driver/Src/stm32f1xx_hal_gpio.o
 .ARM.attributes
                0x00000000000002ba       0x2d ./Drivers/STM32F1xx_HAL_Driver/Src/stm32f1xx_hal_rcc.o
 .ARM.attributes
                0x00000000000002e7       0x2d ./Drivers/STM32F1xx_HAL_Driver/Src/stm32f1xx_hal_tim.o
 .ARM.attributes
                0x0000000000000314       0x2d ./Drivers/STM32F1xx_HAL_Driver/Src/stm32f1xx_hal_tim_ex.o
 .ARM.attributes
                0x0000000000000341       0x2d c:/st/stm32cubeide_1.7.0/stm32cubeide/plugins/com.st.stm32cube.ide.mcu.externaltools.gnu-tools-for-stm32.9-2020-q2-update.win32_2.0.0.202105311346/tools/bin/../lib/gcc/arm-none-eabi/9.3.1/../../../../arm-none-eabi/lib/thumb/v7-m/nofp\libc_nano.a(lib_a-init.o)
 .ARM.attributes
                0x000000000000036e       0x2d c:/st/stm32cubeide_1.7.0/stm32cubeide/plugins/com.st.stm32cube.ide.mcu.externaltools.gnu-tools-for-stm32.9-2020-q2-update.win32_2.0.0.202105311346/tools/bin/../lib/gcc/arm-none-eabi/9.3.1/../../../../arm-none-eabi/lib/thumb/v7-m/nofp\libc_nano.a(lib_a-memset.o)
 .ARM.attributes
                0x000000000000039b       0x1d c:/st/stm32cubeide_1.7.0/stm32cubeide/plugins/com.st.stm32cube.ide.mcu.externaltools.gnu-tools-for-stm32.9-2020-q2-update.win32_2.0.0.202105311346/tools/bin/../lib/gcc/arm-none-eabi/9.3.1/thumb/v7-m/nofp/crtn.o
OUTPUT(lab3_2_ex1.elf elf32-littlearm)
LOAD linker stubs
LOAD c:/st/stm32cubeide_1.7.0/stm32cubeide/plugins/com.st.stm32cube.ide.mcu.externaltools.gnu-tools-for-stm32.9-2020-q2-update.win32_2.0.0.202105311346/tools/bin/../lib/gcc/arm-none-eabi/9.3.1/../../../../arm-none-eabi/lib/thumb/v7-m/nofp\libc.a
LOAD c:/st/stm32cubeide_1.7.0/stm32cubeide/plugins/com.st.stm32cube.ide.mcu.externaltools.gnu-tools-for-stm32.9-2020-q2-update.win32_2.0.0.202105311346/tools/bin/../lib/gcc/arm-none-eabi/9.3.1/../../../../arm-none-eabi/lib/thumb/v7-m/nofp\libm.a
LOAD c:/st/stm32cubeide_1.7.0/stm32cubeide/plugins/com.st.stm32cube.ide.mcu.externaltools.gnu-tools-for-stm32.9-2020-q2-update.win32_2.0.0.202105311346/tools/bin/../lib/gcc/arm-none-eabi/9.3.1/thumb/v7-m/nofp\libgcc.a

.debug_info     0x0000000000000000     0x9f06
 .debug_info    0x0000000000000000      0x237 ./Core/Src/global.o
 .debug_info    0x0000000000000237      0x322 ./Core/Src/input_processing.o
 .debug_info    0x0000000000000559      0x475 ./Core/Src/input_reading.o
 .debug_info    0x00000000000009ce      0x578 ./Core/Src/led_display.o
 .debug_info    0x0000000000000f46      0xd20 ./Core/Src/main.o
 .debug_info    0x0000000000001c66      0xb94 ./Core/Src/stm32f1xx_hal_msp.o
 .debug_info    0x00000000000027fa      0x944 ./Core/Src/stm32f1xx_it.o
 .debug_info    0x000000000000313e      0x2be ./Core/Src/system_stm32f1xx.o
 .debug_info    0x00000000000033fc      0x503 ./Core/Src/timer.o
 .debug_info    0x00000000000038ff      0x432 ./Core/Src/trafficLight.o
 .debug_info    0x0000000000003d31       0x22 ./Core/Startup/startup_stm32f103c6tx.o
 .debug_info    0x0000000000003d53      0x74c ./Drivers/STM32F1xx_HAL_Driver/Src/stm32f1xx_hal.o
 .debug_info    0x000000000000449f      0xbbe ./Drivers/STM32F1xx_HAL_Driver/Src/stm32f1xx_hal_cortex.o
 .debug_info    0x000000000000505d      0x701 ./Drivers/STM32F1xx_HAL_Driver/Src/stm32f1xx_hal_gpio.o
 .debug_info    0x000000000000575e      0x88e ./Drivers/STM32F1xx_HAL_Driver/Src/stm32f1xx_hal_rcc.o
 .debug_info    0x0000000000005fec     0x2a45 ./Drivers/STM32F1xx_HAL_Driver/Src/stm32f1xx_hal_tim.o
 .debug_info    0x0000000000008a31     0x14d5 ./Drivers/STM32F1xx_HAL_Driver/Src/stm32f1xx_hal_tim_ex.o

.debug_abbrev   0x0000000000000000     0x1ab0
 .debug_abbrev  0x0000000000000000       0x40 ./Core/Src/global.o
 .debug_abbrev  0x0000000000000040       0xb8 ./Core/Src/input_processing.o
 .debug_abbrev  0x00000000000000f8      0x168 ./Core/Src/input_reading.o
 .debug_abbrev  0x0000000000000260      0x163 ./Core/Src/led_display.o
 .debug_abbrev  0x00000000000003c3      0x22c ./Core/Src/main.o
 .debug_abbrev  0x00000000000005ef      0x1b7 ./Core/Src/stm32f1xx_hal_msp.o
 .debug_abbrev  0x00000000000007a6      0x176 ./Core/Src/stm32f1xx_it.o
 .debug_abbrev  0x000000000000091c      0x14e ./Core/Src/system_stm32f1xx.o
 .debug_abbrev  0x0000000000000a6a      0x11f ./Core/Src/timer.o
 .debug_abbrev  0x0000000000000b89       0xf6 ./Core/Src/trafficLight.o
 .debug_abbrev  0x0000000000000c7f       0x12 ./Core/Startup/startup_stm32f103c6tx.o
 .debug_abbrev  0x0000000000000c91      0x1ed ./Drivers/STM32F1xx_HAL_Driver/Src/stm32f1xx_hal.o
 .debug_abbrev  0x0000000000000e7e      0x313 ./Drivers/STM32F1xx_HAL_Driver/Src/stm32f1xx_hal_cortex.o
 .debug_abbrev  0x0000000000001191      0x1e8 ./Drivers/STM32F1xx_HAL_Driver/Src/stm32f1xx_hal_gpio.o
 .debug_abbrev  0x0000000000001379      0x273 ./Drivers/STM32F1xx_HAL_Driver/Src/stm32f1xx_hal_rcc.o
 .debug_abbrev  0x00000000000015ec      0x25e ./Drivers/STM32F1xx_HAL_Driver/Src/stm32f1xx_hal_tim.o
 .debug_abbrev  0x000000000000184a      0x266 ./Drivers/STM32F1xx_HAL_Driver/Src/stm32f1xx_hal_tim_ex.o

.debug_aranges  0x0000000000000000      0xaa8
 .debug_aranges
                0x0000000000000000       0x18 ./Core/Src/global.o
 .debug_aranges
                0x0000000000000018       0x20 ./Core/Src/input_processing.o
 .debug_aranges
                0x0000000000000038       0x28 ./Core/Src/input_reading.o
 .debug_aranges
                0x0000000000000060       0x68 ./Core/Src/led_display.o
 .debug_aranges
                0x00000000000000c8       0x48 ./Core/Src/main.o
 .debug_aranges
                0x0000000000000110       0x30 ./Core/Src/stm32f1xx_hal_msp.o
 .debug_aranges
                0x0000000000000140       0x68 ./Core/Src/stm32f1xx_it.o
 .debug_aranges
                0x00000000000001a8       0x28 ./Core/Src/system_stm32f1xx.o
 .debug_aranges
                0x00000000000001d0       0x58 ./Core/Src/timer.o
 .debug_aranges
                0x0000000000000228       0x58 ./Core/Src/trafficLight.o
 .debug_aranges
                0x0000000000000280       0x28 ./Core/Startup/startup_stm32f103c6tx.o
 .debug_aranges
                0x00000000000002a8       0xe0 ./Drivers/STM32F1xx_HAL_Driver/Src/stm32f1xx_hal.o
 .debug_aranges
                0x0000000000000388      0x100 ./Drivers/STM32F1xx_HAL_Driver/Src/stm32f1xx_hal_cortex.o
 .debug_aranges
                0x0000000000000488       0x58 ./Drivers/STM32F1xx_HAL_Driver/Src/stm32f1xx_hal_gpio.o
 .debug_aranges
                0x00000000000004e0       0x90 ./Drivers/STM32F1xx_HAL_Driver/Src/stm32f1xx_hal_rcc.o
 .debug_aranges
                0x0000000000000570      0x3d0 ./Drivers/STM32F1xx_HAL_Driver/Src/stm32f1xx_hal_tim.o
 .debug_aranges
                0x0000000000000940      0x168 ./Drivers/STM32F1xx_HAL_Driver/Src/stm32f1xx_hal_tim_ex.o

.debug_macro    0x0000000000000000    0x16e15
 .debug_macro   0x0000000000000000       0x1a ./Core/Src/global.o
 .debug_macro   0x000000000000001a      0xa9c ./Core/Src/global.o
 .debug_macro   0x0000000000000ab6       0x64 ./Core/Src/global.o
 .debug_macro   0x0000000000000b1a      0x1f9 ./Core/Src/input_processing.o
 .debug_macro   0x0000000000000d13      0x215 ./Core/Src/input_processing.o
 .debug_macro   0x0000000000000f28       0x2e ./Core/Src/input_processing.o
 .debug_macro   0x0000000000000f56       0x22 ./Core/Src/input_processing.o
 .debug_macro   0x0000000000000f78       0x22 ./Core/Src/input_processing.o
 .debug_macro   0x0000000000000f9a       0x8e ./Core/Src/input_processing.o
 .debug_macro   0x0000000000001028       0x51 ./Core/Src/input_processing.o
 .debug_macro   0x0000000000001079      0x103 ./Core/Src/input_processing.o
 .debug_macro   0x000000000000117c       0x6a ./Core/Src/input_processing.o
 .debug_macro   0x00000000000011e6      0x1df ./Core/Src/input_processing.o
 .debug_macro   0x00000000000013c5       0x1c ./Core/Src/input_processing.o
 .debug_macro   0x00000000000013e1       0x22 ./Core/Src/input_processing.o
 .debug_macro   0x0000000000001403       0xc3 ./Core/Src/input_processing.o
 .debug_macro   0x00000000000014c6      0xd23 ./Core/Src/input_processing.o
 .debug_macro   0x00000000000021e9     0xde75 ./Core/Src/input_processing.o
 .debug_macro   0x000000000001005e       0x6d ./Core/Src/input_processing.o
 .debug_macro   0x00000000000100cb     0x3468 ./Core/Src/input_processing.o
 .debug_macro   0x0000000000013533      0x174 ./Core/Src/input_processing.o
 .debug_macro   0x00000000000136a7       0x5c ./Core/Src/input_processing.o
 .debug_macro   0x0000000000013703      0x5be ./Core/Src/input_processing.o
 .debug_macro   0x0000000000013cc1      0x1b7 ./Core/Src/input_processing.o
 .debug_macro   0x0000000000013e78      0x1cb ./Core/Src/input_processing.o
 .debug_macro   0x0000000000014043      0x114 ./Core/Src/input_processing.o
 .debug_macro   0x0000000000014157      0x1b2 ./Core/Src/input_processing.o
 .debug_macro   0x0000000000014309       0x27 ./Core/Src/input_processing.o
 .debug_macro   0x0000000000014330      0x12f ./Core/Src/input_processing.o
 .debug_macro   0x000000000001445f      0x1bc ./Core/Src/input_processing.o
 .debug_macro   0x000000000001461b       0x34 ./Core/Src/input_processing.o
 .debug_macro   0x000000000001464f       0x3c ./Core/Src/input_processing.o
 .debug_macro   0x000000000001468b       0x57 ./Core/Src/input_processing.o
 .debug_macro   0x00000000000146e2       0x88 ./Core/Src/input_processing.o
 .debug_macro   0x000000000001476a      0x183 ./Core/Src/input_processing.o
 .debug_macro   0x00000000000148ed      0x141 ./Core/Src/input_processing.o
 .debug_macro   0x0000000000014a2e      0x8d1 ./Core/Src/input_processing.o
 .debug_macro   0x00000000000152ff       0x69 ./Core/Src/input_processing.o
 .debug_macro   0x0000000000015368       0x16 ./Core/Src/input_processing.o
 .debug_macro   0x000000000001537e      0x148 ./Core/Src/input_processing.o
 .debug_macro   0x00000000000154c6      0x1ed ./Core/Src/input_reading.o
 .debug_macro   0x00000000000156b3      0x1f5 ./Core/Src/led_display.o
 .debug_macro   0x00000000000158a8      0x1e5 ./Core/Src/main.o
 .debug_macro   0x0000000000015a8d      0x1e5 ./Core/Src/stm32f1xx_hal_msp.o
 .debug_macro   0x0000000000015c72      0x1ef ./Core/Src/stm32f1xx_it.o
 .debug_macro   0x0000000000015e61      0x198 ./Core/Src/system_stm32f1xx.o
 .debug_macro   0x0000000000015ff9      0x1ed ./Core/Src/timer.o
 .debug_macro   0x00000000000161e6      0x1fd ./Core/Src/trafficLight.o
 .debug_macro   0x00000000000163e3      0x1bc ./Drivers/STM32F1xx_HAL_Driver/Src/stm32f1xx_hal.o
 .debug_macro   0x000000000001659f      0x198 ./Drivers/STM32F1xx_HAL_Driver/Src/stm32f1xx_hal_cortex.o
 .debug_macro   0x0000000000016737      0x203 ./Drivers/STM32F1xx_HAL_Driver/Src/stm32f1xx_hal_gpio.o
 .debug_macro   0x000000000001693a      0x1aa ./Drivers/STM32F1xx_HAL_Driver/Src/stm32f1xx_hal_rcc.o
 .debug_macro   0x0000000000016ae4      0x199 ./Drivers/STM32F1xx_HAL_Driver/Src/stm32f1xx_hal_tim.o
 .debug_macro   0x0000000000016c7d      0x198 ./Drivers/STM32F1xx_HAL_Driver/Src/stm32f1xx_hal_tim_ex.o

.debug_line     0x0000000000000000     0xbd79
 .debug_line    0x0000000000000000       0x4d ./Core/Src/global.o
 .debug_line    0x000000000000004d      0x853 ./Core/Src/input_processing.o
 .debug_line    0x00000000000008a0      0x770 ./Core/Src/input_reading.o
 .debug_line    0x0000000000001010      0xa4e ./Core/Src/led_display.o
 .debug_line    0x0000000000001a5e      0x7df ./Core/Src/main.o
 .debug_line    0x000000000000223d      0x704 ./Core/Src/stm32f1xx_hal_msp.o
 .debug_line    0x0000000000002941      0x7a2 ./Core/Src/stm32f1xx_it.o
 .debug_line    0x00000000000030e3      0x6e3 ./Core/Src/system_stm32f1xx.o
 .debug_line    0x00000000000037c6      0x818 ./Core/Src/timer.o
 .debug_line    0x0000000000003fde      0x7e9 ./Core/Src/trafficLight.o
 .debug_line    0x00000000000047c7       0x87 ./Core/Startup/startup_stm32f103c6tx.o
 .debug_line    0x000000000000484e      0x910 ./Drivers/STM32F1xx_HAL_Driver/Src/stm32f1xx_hal.o
 .debug_line    0x000000000000515e      0xaf8 ./Drivers/STM32F1xx_HAL_Driver/Src/stm32f1xx_hal_cortex.o
 .debug_line    0x0000000000005c56      0x991 ./Drivers/STM32F1xx_HAL_Driver/Src/stm32f1xx_hal_gpio.o
 .debug_line    0x00000000000065e7      0xd1e ./Drivers/STM32F1xx_HAL_Driver/Src/stm32f1xx_hal_rcc.o
 .debug_line    0x0000000000007305     0x326e ./Drivers/STM32F1xx_HAL_Driver/Src/stm32f1xx_hal_tim.o
 .debug_line    0x000000000000a573     0x1806 ./Drivers/STM32F1xx_HAL_Driver/Src/stm32f1xx_hal_tim_ex.o

.debug_str      0x0000000000000000    0x82491
 .debug_str     0x0000000000000000     0x2f14 ./Core/Src/global.o
                                       0x2f1a (size before relaxing)
 .debug_str     0x0000000000002f14    0x7c9b8 ./Core/Src/input_processing.o
                                      0x7fbeb (size before relaxing)
 .debug_str     0x000000000007f8cc       0x91 ./Core/Src/input_reading.o
                                      0x7fc53 (size before relaxing)
 .debug_str     0x000000000007f95d       0xbd ./Core/Src/led_display.o
                                      0x7fc9b (size before relaxing)
 .debug_str     0x000000000007fa1a      0x6fb ./Core/Src/main.o
                                      0x80383 (size before relaxing)
 .debug_str     0x0000000000080115      0x2ba ./Core/Src/stm32f1xx_hal_msp.o
                                      0x803d2 (size before relaxing)
 .debug_str     0x00000000000803cf       0xcd ./Core/Src/stm32f1xx_it.o
                                      0x80134 (size before relaxing)
 .debug_str     0x000000000008049c       0x88 ./Core/Src/system_stm32f1xx.o
                                      0x7f501 (size before relaxing)
 .debug_str     0x0000000000080524       0x79 ./Core/Src/timer.o
                                      0x7fc2c (size before relaxing)
 .debug_str     0x000000000008059d       0x8b ./Core/Src/trafficLight.o
                                      0x7fc69 (size before relaxing)
 .debug_str     0x0000000000080628       0x36 ./Core/Startup/startup_stm32f103c6tx.o
                                         0x6c (size before relaxing)
 .debug_str     0x000000000008065e      0x304 ./Drivers/STM32F1xx_HAL_Driver/Src/stm32f1xx_hal.o
                                      0x7fb58 (size before relaxing)
 .debug_str     0x0000000000080962      0x300 ./Drivers/STM32F1xx_HAL_Driver/Src/stm32f1xx_hal_cortex.o
                                      0x7fb60 (size before relaxing)
 .debug_str     0x0000000000080c62      0x324 ./Drivers/STM32F1xx_HAL_Driver/Src/stm32f1xx_hal_gpio.o
                                      0x7f8c5 (size before relaxing)
 .debug_str     0x0000000000080f86      0x24f ./Drivers/STM32F1xx_HAL_Driver/Src/stm32f1xx_hal_rcc.o
                                      0x7f8fe (size before relaxing)
 .debug_str     0x00000000000811d5      0xdce ./Drivers/STM32F1xx_HAL_Driver/Src/stm32f1xx_hal_tim.o
                                      0x808d0 (size before relaxing)
 .debug_str     0x0000000000081fa3      0x4ee ./Drivers/STM32F1xx_HAL_Driver/Src/stm32f1xx_hal_tim_ex.o
                                      0x80081 (size before relaxing)

.comment        0x0000000000000000       0x53
 .comment       0x0000000000000000       0x53 ./Core/Src/global.o
                                         0x54 (size before relaxing)
 .comment       0x0000000000000053       0x54 ./Core/Src/input_processing.o
 .comment       0x0000000000000053       0x54 ./Core/Src/input_reading.o
 .comment       0x0000000000000053       0x54 ./Core/Src/led_display.o
 .comment       0x0000000000000053       0x54 ./Core/Src/main.o
 .comment       0x0000000000000053       0x54 ./Core/Src/stm32f1xx_hal_msp.o
 .comment       0x0000000000000053       0x54 ./Core/Src/stm32f1xx_it.o
 .comment       0x0000000000000053       0x54 ./Core/Src/system_stm32f1xx.o
 .comment       0x0000000000000053       0x54 ./Core/Src/timer.o
 .comment       0x0000000000000053       0x54 ./Core/Src/trafficLight.o
 .comment       0x0000000000000053       0x54 ./Drivers/STM32F1xx_HAL_Driver/Src/stm32f1xx_hal.o
 .comment       0x0000000000000053       0x54 ./Drivers/STM32F1xx_HAL_Driver/Src/stm32f1xx_hal_cortex.o
 .comment       0x0000000000000053       0x54 ./Drivers/STM32F1xx_HAL_Driver/Src/stm32f1xx_hal_gpio.o
 .comment       0x0000000000000053       0x54 ./Drivers/STM32F1xx_HAL_Driver/Src/stm32f1xx_hal_rcc.o
 .comment       0x0000000000000053       0x54 ./Drivers/STM32F1xx_HAL_Driver/Src/stm32f1xx_hal_tim.o
 .comment       0x0000000000000053       0x54 ./Drivers/STM32F1xx_HAL_Driver/Src/stm32f1xx_hal_tim_ex.o

.debug_ranges   0x0000000000000000      0x998
 .debug_ranges  0x0000000000000000       0x10 ./Core/Src/input_processing.o
 .debug_ranges  0x0000000000000010       0x18 ./Core/Src/input_reading.o
 .debug_ranges  0x0000000000000028       0x58 ./Core/Src/led_display.o
 .debug_ranges  0x0000000000000080       0x38 ./Core/Src/main.o
 .debug_ranges  0x00000000000000b8       0x20 ./Core/Src/stm32f1xx_hal_msp.o
 .debug_ranges  0x00000000000000d8       0x58 ./Core/Src/stm32f1xx_it.o
 .debug_ranges  0x0000000000000130       0x18 ./Core/Src/system_stm32f1xx.o
 .debug_ranges  0x0000000000000148       0x48 ./Core/Src/timer.o
 .debug_ranges  0x0000000000000190       0x48 ./Core/Src/trafficLight.o
 .debug_ranges  0x00000000000001d8       0x20 ./Core/Startup/startup_stm32f103c6tx.o
 .debug_ranges  0x00000000000001f8       0xd0 ./Drivers/STM32F1xx_HAL_Driver/Src/stm32f1xx_hal.o
 .debug_ranges  0x00000000000002c8       0xf0 ./Drivers/STM32F1xx_HAL_Driver/Src/stm32f1xx_hal_cortex.o
 .debug_ranges  0x00000000000003b8       0x48 ./Drivers/STM32F1xx_HAL_Driver/Src/stm32f1xx_hal_gpio.o
 .debug_ranges  0x0000000000000400       0x80 ./Drivers/STM32F1xx_HAL_Driver/Src/stm32f1xx_hal_rcc.o
 .debug_ranges  0x0000000000000480      0x3c0 ./Drivers/STM32F1xx_HAL_Driver/Src/stm32f1xx_hal_tim.o
 .debug_ranges  0x0000000000000840      0x158 ./Drivers/STM32F1xx_HAL_Driver/Src/stm32f1xx_hal_tim_ex.o

.debug_frame    0x0000000000000000     0x29e4
 .debug_frame   0x0000000000000000       0x2c ./Core/Src/input_processing.o
 .debug_frame   0x000000000000002c       0x5c ./Core/Src/input_reading.o
 .debug_frame   0x0000000000000088      0x158 ./Core/Src/led_display.o
 .debug_frame   0x00000000000001e0       0xd4 ./Core/Src/main.o
 .debug_frame   0x00000000000002b4       0x80 ./Core/Src/stm32f1xx_hal_msp.o
 .debug_frame   0x0000000000000334      0x120 ./Core/Src/stm32f1xx_it.o
 .debug_frame   0x0000000000000454       0x58 ./Core/Src/system_stm32f1xx.o
 .debug_frame   0x00000000000004ac      0x148 ./Core/Src/timer.o
 .debug_frame   0x00000000000005f4       0xf0 ./Core/Src/trafficLight.o
 .debug_frame   0x00000000000006e4      0x334 ./Drivers/STM32F1xx_HAL_Driver/Src/stm32f1xx_hal.o
 .debug_frame   0x0000000000000a18      0x428 ./Drivers/STM32F1xx_HAL_Driver/Src/stm32f1xx_hal_cortex.o
 .debug_frame   0x0000000000000e40      0x14c ./Drivers/STM32F1xx_HAL_Driver/Src/stm32f1xx_hal_gpio.o
 .debug_frame   0x0000000000000f8c      0x21c ./Drivers/STM32F1xx_HAL_Driver/Src/stm32f1xx_hal_rcc.o
 .debug_frame   0x00000000000011a8     0x11b8 ./Drivers/STM32F1xx_HAL_Driver/Src/stm32f1xx_hal_tim.o
 .debug_frame   0x0000000000002360      0x638 ./Drivers/STM32F1xx_HAL_Driver/Src/stm32f1xx_hal_tim_ex.o
 .debug_frame   0x0000000000002998       0x2c c:/st/stm32cubeide_1.7.0/stm32cubeide/plugins/com.st.stm32cube.ide.mcu.externaltools.gnu-tools-for-stm32.9-2020-q2-update.win32_2.0.0.202105311346/tools/bin/../lib/gcc/arm-none-eabi/9.3.1/../../../../arm-none-eabi/lib/thumb/v7-m/nofp\libc_nano.a(lib_a-init.o)
 .debug_frame   0x00000000000029c4       0x20 c:/st/stm32cubeide_1.7.0/stm32cubeide/plugins/com.st.stm32cube.ide.mcu.externaltools.gnu-tools-for-stm32.9-2020-q2-update.win32_2.0.0.202105311346/tools/bin/../lib/gcc/arm-none-eabi/9.3.1/../../../../arm-none-eabi/lib/thumb/v7-m/nofp\libc_nano.a(lib_a-memset.o)
