main.c:59:6:blink_led1	8	static
main.c:62:6:blink_led2	8	static
main.c:65:6:blink_led3	8	static
main.c:68:6:blink_led4	8	static
main.c:71:6:blink_led5	8	static
main.c:86:6:SCH_Delete_Task	24	static
main.c:100:6:SCH_Delete_Task1	16	static
main.c:107:6:SCH_Init	16	static
main.c:112:7:SCH_Update	16	static
main.c:122:6:SCH_Add_Task	48	static
main.c:162:7:SCH_Dispatch_Tasks	32	static
main.c:187:5:main	8	static
main.c:237:6:SystemClock_Config	72	static
main.c:273:13:MX_TIM2_Init	32	static
main.c:318:13:MX_GPIO_Init	32	static
main.c:341:6:HAL_TIM_PeriodElapsedCallback	16	static
main.c:350:6:Error_Handler	4	static,ignoring_inline_asm
