main.c:59:6:state_7seg	24	static
main.c:68:6:display_led7seg	32	static
main.c:106:6:update7SEG	16	static
main.c:146:6:updateClockBuffer	4	static
main.c:166:6:clear_ledmatrix_row	8	static
main.c:178:6:clear_ENM	8	static
main.c:189:6:display_ledmatrix	24	static
main.c:228:7:updateLEDMatrix	16	static
main.c:274:5:main	24	static
main.c:331:6:SystemClock_Config	72	static
main.c:367:13:MX_TIM2_Init	32	static
main.c:412:13:MX_GPIO_Init	32	static
main.c:462:6:HAL_TIM_PeriodElapsedCallback	16	static
main.c:471:6:Error_Handler	4	static,ignoring_inline_asm
