fsm_traffic.c:32:6:clear_led	8	static
fsm_traffic.c:40:6:red1Control	8	static
fsm_traffic.c:45:6:green1Control	8	static
fsm_traffic.c:50:6:yellow1Control	8	static
fsm_traffic.c:57:6:red2Control	8	static
fsm_traffic.c:63:6:green2Control	8	static
fsm_traffic.c:68:6:yellow2Control	8	static
fsm_traffic.c:74:6:redPedestrianControl	8	static
fsm_traffic.c:79:6:greenPedestrianControl	8	static
fsm_traffic.c:85:6:clearPedestrian	8	static
fsm_traffic.c:93:6:fsm_automatic	8	static
fsm_traffic.c:175:6:setValueLocalModeNormal	4	static
fsm_traffic.c:195:6:display_counter	8	static
fsm_traffic.c:214:6:normal_mode	8	static
