manual_mode.c:13:6:yellowBlinking	8	static
manual_mode.c:28:6:increaseTimeYellow	4	static
manual_mode.c:38:6:decreaseTimeYellow	4	static
manual_mode.c:49:6:yellow_mode	8	static
manual_mode.c:66:6:redBlinking	8	static
manual_mode.c:80:6:increaseTimeRed	4	static
manual_mode.c:90:6:decreaseTimeRed	4	static
manual_mode.c:101:6:red_mode	8	static
manual_mode.c:120:6:greenBlinking	8	static
manual_mode.c:134:6:increaseTimeGreen	4	static
manual_mode.c:145:6:decreaseTimeGreen	4	static
manual_mode.c:155:6:green_mode	8	static
manual_mode.c:172:6:setTimeLed	4	static
