23:35:51 **** Incremental Build of configuration Debug for project project ****
make -j8 all 
arm-none-eabi-gcc "../Core/Src/fsm_simple_buttons.c" -mcpu=cortex-m3 -std=gnu11 -g3 -DDEBUG -DUSE_HAL_DRIVER -DSTM32F103x6 -c -I../Core/Inc -I../Drivers/STM32F1xx_HAL_Driver/Inc -I../Drivers/STM32F1xx_HAL_Driver/Inc/Legacy -I../Drivers/CMSIS/Device/ST/STM32F1xx/Include -I../Drivers/CMSIS/Include -O0 -ffunction-sections -fdata-sections -Wall -fstack-usage -MMD -MP -MF"Core/Src/fsm_simple_buttons.d" -MT"Core/Src/fsm_simple_buttons.o" --specs=nano.specs -mfloat-abi=soft -mthumb -o "Core/Src/fsm_simple_buttons.o"
arm-none-eabi-gcc -o "project.elf" @"objects.list"   -mcpu=cortex-m3 -T"E:\labs_vxl\mid-term\project\STM32F103C6UX_FLASH.ld" --specs=nosys.specs -Wl,-Map="project.map" -Wl,--gc-sections -static --specs=nano.specs -mfloat-abi=soft -mthumb -Wl,--start-group -lc -lm -Wl,--end-group
Finished building target: project.elf
 
arm-none-eabi-size   project.elf 
arm-none-eabi-objdump -h -S  project.elf  > "project.list"
arm-none-eabi-objcopy  -O ihex  project.elf  "project.hex"
arm-none-eabi-objcopy  -O binary  project.elf  "project.bin"
   text	   data	    bss	    dec	    hex	filename
   9224	     88	   1704	  11016	   2b08	project.elf
Finished building: default.size.stdout
 
Finished building: project.hex
Finished building: project.bin
 
 
Finished building: project.list
 
01:24:21 **** Incremental Build of configuration Debug for project project ****
make -j8 all 
arm-none-eabi-gcc "../Core/Src/button_reading.c" -mcpu=cortex-m3 -std=gnu11 -g3 -DDEBUG -DUSE_HAL_DRIVER -DSTM32F103x6 -c -I../Core/Inc -I../Drivers/STM32F1xx_HAL_Driver/Inc -I../Drivers/STM32F1xx_HAL_Driver/Inc/Legacy -I../Drivers/CMSIS/Device/ST/STM32F1xx/Include -I../Drivers/CMSIS/Include -O0 -ffunction-sections -fdata-sections -Wall -fstack-usage -MMD -MP -MF"Core/Src/button_reading.d" -MT"Core/Src/button_reading.o" --specs=nano.specs -mfloat-abi=soft -mthumb -o "Core/Src/button_reading.o"
arm-none-eabi-gcc "../Core/Src/fsm_simple_buttons.c" -mcpu=cortex-m3 -std=gnu11 -g3 -DDEBUG -DUSE_HAL_DRIVER -DSTM32F103x6 -c -I../Core/Inc -I../Drivers/STM32F1xx_HAL_Driver/Inc -I../Drivers/STM32F1xx_HAL_Driver/Inc/Legacy -I../Drivers/CMSIS/Device/ST/STM32F1xx/Include -I../Drivers/CMSIS/Include -O0 -ffunction-sections -fdata-sections -Wall -fstack-usage -MMD -MP -MF"Core/Src/fsm_simple_buttons.d" -MT"Core/Src/fsm_simple_buttons.o" --specs=nano.specs -mfloat-abi=soft -mthumb -o "Core/Src/fsm_simple_buttons.o"
arm-none-eabi-gcc "../Core/Src/global.c" -mcpu=cortex-m3 -std=gnu11 -g3 -DDEBUG -DUSE_HAL_DRIVER -DSTM32F103x6 -c -I../Core/Inc -I../Drivers/STM32F1xx_HAL_Driver/Inc -I../Drivers/STM32F1xx_HAL_Driver/Inc/Legacy -I../Drivers/CMSIS/Device/ST/STM32F1xx/Include -I../Drivers/CMSIS/Include -O0 -ffunction-sections -fdata-sections -Wall -fstack-usage -MMD -MP -MF"Core/Src/global.d" -MT"Core/Src/global.o" --specs=nano.specs -mfloat-abi=soft -mthumb -o "Core/Src/global.o"
arm-none-eabi-gcc "../Core/Src/led_display.c" -mcpu=cortex-m3 -std=gnu11 -g3 -DDEBUG -DUSE_HAL_DRIVER -DSTM32F103x6 -c -I../Core/Inc -I../Drivers/STM32F1xx_HAL_Driver/Inc -I../Drivers/STM32F1xx_HAL_Driver/Inc/Legacy -I../Drivers/CMSIS/Device/ST/STM32F1xx/Include -I../Drivers/CMSIS/Include -O0 -ffunction-sections -fdata-sections -Wall -fstack-usage -MMD -MP -MF"Core/Src/led_display.d" -MT"Core/Src/led_display.o" --specs=nano.specs -mfloat-abi=soft -mthumb -o "Core/Src/led_display.o"
arm-none-eabi-gcc "../Core/Src/main.c" -mcpu=cortex-m3 -std=gnu11 -g3 -DDEBUG -DUSE_HAL_DRIVER -DSTM32F103x6 -c -I../Core/Inc -I../Drivers/STM32F1xx_HAL_Driver/Inc -I../Drivers/STM32F1xx_HAL_Driver/Inc/Legacy -I../Drivers/CMSIS/Device/ST/STM32F1xx/Include -I../Drivers/CMSIS/Include -O0 -ffunction-sections -fdata-sections -Wall -fstack-usage -MMD -MP -MF"Core/Src/main.d" -MT"Core/Src/main.o" --specs=nano.specs -mfloat-abi=soft -mthumb -o "Core/Src/main.o"
arm-none-eabi-gcc "../Core/Src/timer.c" -mcpu=cortex-m3 -std=gnu11 -g3 -DDEBUG -DUSE_HAL_DRIVER -DSTM32F103x6 -c -I../Core/Inc -I../Drivers/STM32F1xx_HAL_Driver/Inc -I../Drivers/STM32F1xx_HAL_Driver/Inc/Legacy -I../Drivers/CMSIS/Device/ST/STM32F1xx/Include -I../Drivers/CMSIS/Include -O0 -ffunction-sections -fdata-sections -Wall -fstack-usage -MMD -MP -MF"Core/Src/timer.d" -MT"Core/Src/timer.o" --specs=nano.specs -mfloat-abi=soft -mthumb -o "Core/Src/timer.o"
arm-none-eabi-gcc -o "project.elf" @"objects.list"   -mcpu=cortex-m3 -T"E:\labs_vxl\mid-term\project\STM32F103C6UX_FLASH.ld" --specs=nosys.specs -Wl,-Map="project.map" -Wl,--gc-sections -static --specs=nano.specs -mfloat-abi=soft -mthumb -Wl,--start-group -lc -lm -Wl,--end-group
Finished building target: project.elf
 
arm-none-eabi-size   project.elf 
arm-none-eabi-objdump -h -S  project.elf  > "project.list"
arm-none-eabi-objcopy  -O ihex  project.elf  "project.hex"
arm-none-eabi-objcopy  -O binary  project.elf  "project.bin"
   text	   data	    bss	    dec	    hex	filename
   9224	     88	   1704	  11016	   2b08	project.elf
Finished building: default.size.stdout
 
Finished building: project.hex
Finished building: project.bin
 
 
Finished building: project.list
 
01:50:08 **** Incremental Build of configuration Debug for project project ****
make -j8 all 
arm-none-eabi-gcc "../Core/Src/button_reading.c" -mcpu=cortex-m3 -std=gnu11 -g3 -DDEBUG -DUSE_HAL_DRIVER -DSTM32F103x6 -c -I../Core/Inc -I../Drivers/STM32F1xx_HAL_Driver/Inc -I../Drivers/STM32F1xx_HAL_Driver/Inc/Legacy -I../Drivers/CMSIS/Device/ST/STM32F1xx/Include -I../Drivers/CMSIS/Include -O0 -ffunction-sections -fdata-sections -Wall -fstack-usage -MMD -MP -MF"Core/Src/button_reading.d" -MT"Core/Src/button_reading.o" --specs=nano.specs -mfloat-abi=soft -mthumb -o "Core/Src/button_reading.o"
arm-none-eabi-gcc -o "project.elf" @"objects.list"   -mcpu=cortex-m3 -T"E:\labs_vxl\mid-term\project\STM32F103C6UX_FLASH.ld" --specs=nosys.specs -Wl,-Map="project.map" -Wl,--gc-sections -static --specs=nano.specs -mfloat-abi=soft -mthumb -Wl,--start-group -lc -lm -Wl,--end-group
Finished building target: project.elf
 
arm-none-eabi-size   project.elf 
arm-none-eabi-objdump -h -S  project.elf  > "project.list"
arm-none-eabi-objcopy  -O ihex  project.elf  "project.hex"
arm-none-eabi-objcopy  -O binary  project.elf  "project.bin"
   text	   data	    bss	    dec	    hex	filename
   9224	     88	   1704	  11016	   2b08	project.elf
Finished building: default.size.stdout
 
Finished building: project.hex
Finished building: project.bin
 
 
Finished building: project.list
 
02:03:26 **** Incremental Build of configuration Debug for project project ****
make -j8 all 
arm-none-eabi-size   project.elf 
   text	   data	    bss	    dec	    hex	filename
   9224	     88	   1704	  11016	   2b08	project.elf
Finished building: default.size.stdout
 
